[Quantified] Quantified API starting
[Quantified] Quantified Core Starting
[Quantified] Quantified Async Pool Start
[Quantified] Quantified GPU Acceleration Starting
[Quantified] [OpenCL] Background probe scheduled
[Quantified] OpenCL probe deferred (background)
[Quantified] [Vulkan] Vulkan probe scheduler armed (maxAttempts=3, initialDelayMs=0, retryDelayMs=60000)
[Quantified] [Vulkan] Probe scheduled - attempt 1 (initial) in 0 ms
[Quantified] Vulkan probe deferred (background, native runtime)
[Quantified] [Vulkan] Probe scheduler armed
[Quantified] Quantified API WebPanel starting
[Quantified] Forcing API class initialization
[Quantified] OpenCL core classes loaded
[Quantified] Vulkan core classes loaded
[Quantified] API classes initialized successfully
[Quantified] [Vulkan] Probe succeeded - NVIDIA GeForce RTX 4070 Ti SUPER
[Quantified] [Vulkan] Runtime warmup queued (probe-succeeded)
[Quantified] [Vulkan] Probe succeeded - NVIDIA GeForce RTX 4070 Ti SUPER (attempt 1, trigger: initial)
[Quantified] [Vulkan] Runtime ready - NVIDIA GeForce RTX 4070 Ti SUPER
[Quantified] [OpenCL] Isolated acceleration ready - NVIDIA GeForce RTX 4070 Ti SUPER
[Quantified] [OpenCL] Acceleration ready - attempt 1 (trigger: initial)
[Quantified] [OpenCL] GPU detected: NVIDIA GeForce RTX 4070 Ti SUPER/PCIe/SSE2
[Quantified] [OpenCL] OpenCL probe triggered (OpenGL context ready)
[Quantified] [Vulkan] Vulkan probe triggered (OpenGL context ready)
[Quantified] Quantified API starting
[Quantified] Quantified Core Starting
[Quantified] Quantified Async Pool Start
[Quantified] Quantified GPU Acceleration Starting
[Quantified] [OpenCL] Background probe scheduled
[Quantified] OpenCL probe deferred (background)
[Quantified] [Vulkan] Vulkan probe scheduler armed (maxAttempts=3, initialDelayMs=0, retryDelayMs=60000)
[Quantified] [Vulkan] Probe scheduled - attempt 1 (initial) in 0 ms
[Quantified] Vulkan probe deferred (background, native runtime)
[Quantified] [Vulkan] Probe scheduler armed
[Quantified] Quantified API WebPanel starting
[Quantified] Forcing API class initialization
[Quantified] OpenCL core classes loaded
[Quantified] Vulkan core classes loaded
[Quantified] API classes initialized successfully
[Quantified] [Vulkan] Probe succeeded - NVIDIA GeForce RTX 4070 Ti SUPER
[Quantified] [Vulkan] Runtime warmup queued (probe-succeeded)
[Quantified] [Vulkan] Probe succeeded - NVIDIA GeForce RTX 4070 Ti SUPER (attempt 1, trigger: initial)
[Quantified] [Vulkan] Runtime ready - NVIDIA GeForce RTX 4070 Ti SUPER
[Quantified] [OpenCL] Isolated acceleration ready - NVIDIA GeForce RTX 4070 Ti SUPER
[Quantified] [OpenCL] Acceleration ready - attempt 1 (trigger: initial)
[Quantified] [OpenCL] GPU detected: NVIDIA GeForce RTX 4070 Ti SUPER/PCIe/SSE2
[Quantified] [OpenCL] OpenCL probe triggered (OpenGL context ready)
[Quantified] [Vulkan] Vulkan probe triggered (OpenGL context ready)
[Quantified] Quantified API starting
[Quantified] Quantified Core Starting
[Quantified] Quantified Async Pool Start
[Quantified] Quantified GPU Acceleration Starting
[Quantified] [OpenCL] Background probe scheduled
[Quantified] OpenCL probe deferred (background)
[Quantified] [Vulkan] Vulkan probe scheduler armed (maxAttempts=3, initialDelayMs=0, retryDelayMs=60000)
[Quantified] [Vulkan] Probe scheduled - attempt 1 (initial) in 0 ms
[Quantified] Vulkan probe deferred (background, native runtime)
[Quantified] [Vulkan] Probe scheduler armed
[Quantified] Quantified API WebPanel starting
[Quantified] Forcing API class initialization
[Quantified] OpenCL core classes loaded
[Quantified] Vulkan core classes loaded
[Quantified] API classes initialized successfully
[Quantified] [Vulkan] Probe succeeded - NVIDIA GeForce RTX 4070 Ti SUPER
[Quantified] [Vulkan] Runtime warmup queued (probe-succeeded)
[Quantified] [Vulkan] Probe succeeded - NVIDIA GeForce RTX 4070 Ti SUPER (attempt 1, trigger: initial)
[Quantified] [Vulkan] Runtime ready - NVIDIA GeForce RTX 4070 Ti SUPER
[Quantified] [OpenCL] Isolated acceleration ready - NVIDIA GeForce RTX 4070 Ti SUPER
[Quantified] [OpenCL] Acceleration ready - attempt 1 (trigger: initial)
[Quantified] [OpenCL] GPU detected: NVIDIA GeForce RTX 4070 Ti SUPER/PCIe/SSE2
[Quantified] [OpenCL] OpenCL probe triggered (OpenGL context ready)
[Quantified] [Vulkan] Vulkan probe triggered (OpenGL context ready)
