[2026-08-27 22:43:51.329] [INFO] [dev.kostromdan.mods.crash_assistant.app.CrashAssistantApp]: CrashAssistantApp running: JVM args: [-XX:+UseSerialGC, -XX:MaxHeapFreeRatio=30, -XX:MinHeapFreeRatio=10, -XX:MaxGCPauseMillis=10000, -Xms8m, -Xmx512m]
[2026-08-27 22:43:51.330] [INFO] [dev.kostromdan.mods.crash_assistant.app.CrashAssistantApp]: CrashAssistantApp running: program args: [-jarPath, local/crash_assistant/18507_1787859825390_app.jar, -parentPID, 18507, -parentStarted, 1787859825390, -platform, FORGE, -platformOwerridenData, aHR0cHM6Ly9kaXNjb3JkLm1pbmVjcmFmdGZvcmdlLm5ldApNaW5lY3JhZnQgRm9yZ2UgRGlzY29yZAojcGxheWVyLXN1cHBvcnQgY2hhbm5lbA==, -loaderJarName, fmlloader-1.20.1-47.4.0.jar, -minecraftVersion, 1.20.1, -childProcessesPIDs, VU5ERUZJTkVE, -minecraftStartCommand, LS11c2VybmFtZSwgc2Nvb3BtaW5hdG9yLCAtLXZlcnNpb24sIDEuMjAuMSwgLS1nYW1lRGlyLCAvaG9tZS88VVNFUj4vLmxvY2FsL3NoYXJlL1ByaXNtTGF1bmNoZXIvaW5zdGFuY2VzL0N1cnNlZCBXYWxraW5nIC0gQSBNb2Rlcm4gWm9tYmllIEFwb2NhbHlwc2UvbWluZWNyYWZ0LCAtLWFzc2V0c0RpciwgL2hvbWUvPFVTRVI+Ly5sb2NhbC9zaGFyZS9QcmlzbUxhdW5jaGVyL2Fzc2V0cywgLS1hc3NldEluZGV4LCA1LCAtLXV1aWQsIDYwZmM2ZDc3ZmQ3OTRkMjlhMzllOTJkYTAzYjdmYWZlLCAtLWFjY2Vzc1Rva2VuLCA/Pz8/Pz8/PywgLS11c2VyVHlwZSwgbXNhLCAtLXZlcnNpb25UeXBlLCByZWxlYXNlLCAtLWxhdW5jaFRhcmdldCwgZm9yZ2VjbGllbnQsIC0tZm1sLmZvcmdlVmVyc2lvbiwgNDcuNC4wLCAtLWZtbC5tY1ZlcnNpb24sIDEuMjAuMSwgLS1mbWwuZm9yZ2VHcm91cCwgbmV0Lm1pbmVjcmFmdGZvcmdlLCAtLWZtbC5tY3BWZXJzaW9uLCAyMDIzMDYxMi4xMTQ0MTIsIC0td2lkdGgsIDEwODAsIC0taGVpZ2h0LCAxOTIw, -minecraftJvmArgs, LVhYOitVc2VHMUdDLCAtWFg6K1BhcmFsbGVsUmVmUHJvY0VuYWJsZWQsIC1YWDpNYXhHQ1BhdXNlTWlsbGlzPTIwMCwgLVhYOitVbmxvY2tFeHBlcmltZW50YWxWTU9wdGlvbnMsIC1YWDorRGlzYWJsZUV4cGxpY2l0R0MsIC1YWDorQWx3YXlzUHJlVG91Y2gsIC1YWDpHMU5ld1NpemVQZXJjZW50PTMwLCAtWFg6RzFNYXhOZXdTaXplUGVyY2VudD00MCwgLVhYOkcxSGVhcFJlZ2lvblNpemU9OE0sIC1YWDpHMVJlc2VydmVQZXJjZW50PTIwLCAtWFg6RzFIZWFwV2FzdGVQZXJjZW50PTUsIC1YWDpHMU1peGVkR0NDb3VudFRhcmdldD00LCAtWFg6SW5pdGlhdGluZ0hlYXBPY2N1cGFuY3lQZXJjZW50PTE1LCAtWFg6RzFNaXhlZEdDTGl2ZVRocmVzaG9sZFBlcmNlbnQ9OTAsIC1YWDpTdXJ2aXZvclJhdGlvPTMyLCAtWFg6K1BlcmZEaXNhYmxlU2hhcmVkTWVtLCAtWFg6TWF4VGVudXJpbmdUaHJlc2hvbGQ9MSwgLURvcmcubHdqZ2wub3BlbmFsLmxpYm5hbWU9L3Vzci9saWIvbGlib3BlbmFsLnNvLCAtWG1zNDA5Nm0sIC1YbXg4MDk2bSwgLUR1c2VyLmxhbmd1YWdlPWVuLCAtRGphdmEubGlicmFyeS5wYXRoPS9ob21lLzxVU0VSPi8ubG9jYWwvc2hhcmUvUHJpc21MYXVuY2hlci9pbnN0YW5jZXMvQ3Vyc2VkIFdhbGtpbmcgLSBBIE1vZGVybiBab21iaWUgQXBvY2FseXBzZS9uYXRpdmVz, -crashAssistantModJarName, CrashAssistant-forge-1.19-1.20.1-1.11.3.jar, -classPath, local/crash_assistant/18507_1787859825390_app.jar:local/crash_assistant/18507_1787859825390_mod.jar:/home/scupa/.local/share/PrismLauncher/libraries/org/apache/logging/log4j/log4j-api/2.19.0/log4j-api-2.19.0.jar:/home/scupa/.local/share/PrismLauncher/libraries/commons-io/commons-io/2.11.0/commons-io-2.11.0.jar:/home/scupa/.local/share/PrismLauncher/libraries/org/apache/logging/log4j/log4j-core/2.19.0/log4j-core-2.19.0.jar:/home/scupa/.local/share/PrismLauncher/libraries/net/java/dev/jna/jna/5.12.1/jna-5.12.1.jar:/home/scupa/.local/share/PrismLauncher/libraries/net/java/dev/jna/jna-platform/5.12.1/jna-platform-5.12.1.jar:/home/scupa/.local/share/PrismLauncher/libraries/com/google/code/gson/gson/2.10/gson-2.10.jar, -minecraftXms, 4g, -minecraftXmx, 7.9g, -systemRAM, 31.3g, -systemUsedRAMAtMinecraftLaunchMoment, 26.3g, -systemSwapSpace, 31.3g, -systemUsedSwapSpaceAtMinecraftLaunchMoment, 2.7m, -processor, QU1EIFJ5emVuIDkgNTkwMFggMTItQ29yZSBQcm9jZXNzb3I=, -serialisedGPUs, VnVsa2FuIEdQVSBkZXRlY3Rpb24gYWRkb24gbm90IGZvdW5kLCBmYWxsaW5nIGJhY2sgdG8gRGlyZWN0WApEaXJlY3RYIEdQVSBkZXRlY3Rpb24gaXMgbm90IHN1cHBvcnRlZCBvbiBub24tV2luZG93cyBwbGF0Zm9ybXMKSWYgeW91IHdhbnQgTWluZWNyYWZ0IHJ1bm5pbmcgb2YgaW50ZWdyYXRlZCBHUFUgd2hpbGUgZGVkaWNhdGVkIEdQVSBleGlzdHMgd2FybmluZyBmZWF0dXJlIHdvcmsgb24geW91ciBwYywKcGxzIGluc3RhbGwgb3VyIGFkZG9uIHdpdGggVnVsa2FuIGxpYiAoQ3Jhc2ggQXNzaXN0YW50IGNyb3NzIHBsYXRmb3JtIGludGVncmF0ZWQgR1BVIGRldGVjdGlvbiBhZGRvbikuCg==]
[2026-08-27 22:43:51.331] [INFO] [dev.kostromdan.mods.crash_assistant.app.CrashAssistantApp]: CrashAssistantApp running from: /home/scupa/.local/share/PrismLauncher/instances/Cursed Walking - A Modern Zombie Apocalypse/minecraft
[2026-08-27 22:43:51.331] [INFO] [dev.kostromdan.mods.crash_assistant.app.CrashAssistantApp]: crashAssistantJarName: CrashAssistant-forge-1.19-1.20.1-1.11.3.jar
[2026-08-27 22:43:51.331] [INFO] [dev.kostromdan.mods.crash_assistant.app.CrashAssistantApp]: Parent PID: 18507
[2026-08-27 22:43:51.331] [INFO] [dev.kostromdan.mods.crash_assistant.app.CrashAssistantApp]: Parent started: 1787859825390
[2026-08-27 22:43:51.333] [INFO] [dev.kostromdan.mods.crash_assistant.app.CrashAssistantApp]: Platform: FORGE
[2026-08-27 22:43:51.333] [INFO] [dev.kostromdan.mods.crash_assistant.app.CrashAssistantApp]: loaderJarName: fmlloader-1.20.1-47.4.0.jar
[2026-08-27 22:43:51.333] [INFO] [dev.kostromdan.mods.crash_assistant.app.CrashAssistantApp]: minecraftVersion: 1.20.1
[2026-08-27 22:43:51.333] [INFO] [dev.kostromdan.mods.crash_assistant.app.CrashAssistantApp]: childProcessesPIDs: UNDEFINED
[2026-08-27 22:43:51.333] [INFO] [dev.kostromdan.mods.crash_assistant.app.CrashAssistantApp]: minecraftXms: 4g
[2026-08-27 22:43:51.333] [INFO] [dev.kostromdan.mods.crash_assistant.app.CrashAssistantApp]: minecraftXmx: 7.9g
[2026-08-27 22:43:51.334] [INFO] [dev.kostromdan.mods.crash_assistant.app.CrashAssistantApp]: systemRAM: 31.3g
[2026-08-27 22:43:51.334] [INFO] [dev.kostromdan.mods.crash_assistant.app.CrashAssistantApp]: systemUsedRAMAtMinecraftLaunchMoment: 26.3g
[2026-08-27 22:43:51.334] [INFO] [dev.kostromdan.mods.crash_assistant.app.CrashAssistantApp]: systemSwapSpace: 31.3g
[2026-08-27 22:43:51.334] [INFO] [dev.kostromdan.mods.crash_assistant.app.CrashAssistantApp]: systemUsedSwapSpaceAtMinecraftLaunchMoment: 2.7m
[2026-08-27 22:43:51.334] [INFO] [dev.kostromdan.mods.crash_assistant.app.CrashAssistantApp]: processor: AMD Ryzen 9 5900X 12-Core Processor
[2026-08-27 22:43:51.334] [INFO] [dev.kostromdan.mods.crash_assistant.app.CrashAssistantApp]: Boot.getSerialisedGPUs():
Vulkan GPU detection addon not found, falling back to DirectX
DirectX GPU detection is not supported on non-Windows platforms
If you want Minecraft running of integrated GPU while dedicated GPU exists warning feature work on your pc,
pls install our addon with Vulkan lib (Crash Assistant cross platform integrated GPU detection addon).

[2026-08-27 22:43:51.334] [INFO] [dev.kostromdan.mods.crash_assistant.app.CrashAssistantApp]: os.name: linux
[2026-08-27 22:43:51.337] [INFO] [dev.kostromdan.mods.crash_assistant.app.CrashAssistantApp]: Java path: /usr/lib/jvm/java-17-openjdk/bin/java
[2026-08-27 22:43:51.337] [INFO] [dev.kostromdan.mods.crash_assistant.app.CrashAssistantApp]: Java version: 17.0.19+10
[2026-08-27 22:43:51.337] [INFO] [dev.kostromdan.mods.crash_assistant.app.CrashAssistantApp]: Minecraft JVM args: -XX:+UseG1GC, -XX:+ParallelRefProcEnabled, -XX:MaxGCPauseMillis=200, -XX:+UnlockExperimentalVMOptions, -XX:+DisableExplicitGC, -XX:+AlwaysPreTouch, -XX:G1NewSizePercent=30, -XX:G1MaxNewSizePercent=40, -XX:G1HeapRegionSize=8M, -XX:G1ReservePercent=20, -XX:G1HeapWastePercent=5, -XX:G1MixedGCCountTarget=4, -XX:InitiatingHeapOccupancyPercent=15, -XX:G1MixedGCLiveThresholdPercent=90, -XX:SurvivorRatio=32, -XX:+PerfDisableSharedMem, -XX:MaxTenuringThreshold=1, -Dorg.lwjgl.openal.libname=/usr/lib/libopenal.so, -Xms4096m, -Xmx8096m, -Duser.language=en, -Djava.library.path=/home/<USER>/.local/share/PrismLauncher/instances/Cursed Walking - A Modern Zombie Apocalypse/natives
[2026-08-27 22:43:51.338] [INFO] [dev.kostromdan.mods.crash_assistant.app.CrashAssistantApp]: Minecraft Launch Command: --username, scoopminator, --version, 1.20.1, --gameDir, /home/<USER>/.local/share/PrismLauncher/instances/Cursed Walking - A Modern Zombie Apocalypse/minecraft, --assetsDir, /home/<USER>/.local/share/PrismLauncher/assets, --assetIndex, 5, --uuid, 60fc6d77fd794d29a39e92da03b7fafe, --accessToken, ????????, --userType, msa, --versionType, release, --launchTarget, forgeclient, --fml.forgeVersion, 47.4.0, --fml.mcVersion, 1.20.1, --fml.forgeGroup, net.minecraftforge, --fml.mcpVersion, 20230612.114412, --width, 1080, --height, 1920
[2026-08-27 22:43:51.347] [INFO] [dev.kostromdan.mods.crash_assistant.app.CrashAssistantApp]: CrashAssistantApp started successfully. Waiting for PID 18507 to stop.
[2026-08-27 22:44:11.582] [INFO] [dev.kostromdan.mods.crash_assistant.app.CrashAssistantApp]: Minecraft is running on renderer:
NVIDIA GeForce RTX 4070 Ti SUPER/PCIe/SSE2
[2026-08-28 00:12:48.811] [INFO] [dev.kostromdan.mods.crash_assistant.app.CrashAssistantApp]: PID "18507" is not alive or reused by another process. Minecraft JVM appears to have stopped.
[2026-08-28 00:12:48.836] [INFO] [dev.kostromdan.mods.crash_assistant.app.CrashAssistantApp]: System used RAM after Minecraft process finish moment: 14.3g
[2026-08-28 00:12:48.837] [INFO] [dev.kostromdan.mods.crash_assistant.app.CrashAssistantApp]: System used Swap Space after Minecraft process finish moment: 6.3g
[2026-08-28 00:12:48.841] [INFO] [dev.kostromdan.mods.crash_assistant.app.CrashAssistantApp]: Adding latest.log from /home/scupa/.local/share/PrismLauncher/instances/Cursed Walking - A Modern Zombie Apocalypse/minecraft/logs/latest.log
[2026-08-28 00:12:48.842] [INFO] [dev.kostromdan.mods.crash_assistant.app.CrashAssistantApp]: Adding debug.log from /home/scupa/.local/share/PrismLauncher/instances/Cursed Walking - A Modern Zombie Apocalypse/minecraft/logs/debug.log
[2026-08-28 00:12:48.843] [INFO] [dev.kostromdan.mods.crash_assistant.app.CrashAssistantApp]: stderr_stream.log size: 381 bytes
[2026-08-28 00:12:48.845] [INFO] [dev.kostromdan.mods.crash_assistant.app.CrashAssistantApp]: Adding PrismLauncher-0.log from /home/scupa/.local/share/PrismLauncher/instances/Cursed Walking - A Modern Zombie Apocalypse/minecraft/../../../logs/PrismLauncher-0.log
[2026-08-28 00:12:48.851] [INFO] [dev.kostromdan.mods.crash_assistant.app.CrashAssistantApp]: Adding KubeJS: client.log from /home/scupa/.local/share/PrismLauncher/instances/Cursed Walking - A Modern Zombie Apocalypse/minecraft/logs/kubejs/client.log
[2026-08-28 00:12:48.852] [INFO] [dev.kostromdan.mods.crash_assistant.app.CrashAssistantApp]: Adding KubeJS: startup.log from /home/scupa/.local/share/PrismLauncher/instances/Cursed Walking - A Modern Zombie Apocalypse/minecraft/logs/kubejs/startup.log
[2026-08-28 00:12:48.853] [INFO] [dev.kostromdan.mods.crash_assistant.app.CrashAssistantApp]: Adding crash_assistant_app.log from /home/scupa/.local/share/PrismLauncher/instances/Cursed Walking - A Modern Zombie Apocalypse/minecraft/logs/crash_assistant/crash_assistant_app.log
[2026-08-28 00:12:48.853] [INFO] [dev.kostromdan.mods.crash_assistant.app.CrashAssistantApp]: Adding startup_scripts.log from /home/scupa/.local/share/PrismLauncher/instances/Cursed Walking - A Modern Zombie Apocalypse/minecraft/logs/crash_assistant/startup_scripts.log
[2026-08-28 00:12:48.853] [INFO] [dev.kostromdan.mods.crash_assistant.app.CrashAssistantApp]: Reached first tick of TitleScreen: true
[2026-08-28 00:12:48.854] [INFO] [dev.kostromdan.mods.crash_assistant.app.CrashAssistantApp]: Joined world successfully: false
[2026-08-28 00:12:48.854] [INFO] [dev.kostromdan.mods.crash_assistant.app.CrashAssistantApp]: Prevent Crash Assistant Window: false
[2026-08-28 00:12:48.854] [INFO] [dev.kostromdan.mods.crash_assistant.app.CrashAssistantApp]: stop() function of Minecraft fired: true
[2026-08-28 00:12:48.854] [INFO] [dev.kostromdan.mods.crash_assistant.app.CrashAssistantApp]: close() function of Minecraft failed: false
[2026-08-28 00:12:48.854] [INFO] [dev.kostromdan.mods.crash_assistant.app.CrashAssistantApp]: emergencySave() function of Minecraft fired: false
[2026-08-28 00:12:48.856] [INFO] [dev.kostromdan.mods.crash_assistant.app.CrashAssistantApp]: isModpackCreator: false
[2026-08-28 00:12:48.856] [INFO] [dev.kostromdan.mods.crash_assistant.app.CrashAssistantApp]: isHelpLinkDefault: false
[2026-08-28 00:12:48.857] [INFO] [dev.kostromdan.mods.crash_assistant.app.CrashAssistantApp]: helpLink: https://discord.gg/PK9es2qKXM
[2026-08-28 00:12:48.857] [INFO] [dev.kostromdan.mods.crash_assistant.app.CrashAssistantApp]: Seems like Minecraft finished normally. Trying to locate terminated processes and Exiting Crash Assistant app.
[2026-08-28 00:12:49.406] [INFO] [dev.kostromdan.mods.crash_assistant.app.CrashAssistantApp]: UUID(60fc6d77fd794d29a39e92da03b7fafe) verification result: LICENSED
